Archive member included because of file (symbol)

c:/freescale/kds_v3/toolchain/bin/../lib/gcc/arm-none-eabi/4.8.4/../../../../arm-none-eabi/lib/armv7e-m/fpu\libg_s.a(lib_a-errno.o)
                              ./utilities/fsl_sbrk.o (__errno)
c:/freescale/kds_v3/toolchain/bin/../lib/gcc/arm-none-eabi/4.8.4/../../../../arm-none-eabi/lib/armv7e-m/fpu\libg_s.a(lib_a-exit.o)
                              c:/freescale/kds_v3/toolchain/bin/../lib/gcc/arm-none-eabi/4.8.4/../../../../arm-none-eabi/lib/armv7e-m/fpu/crt0.o (exit)
c:/freescale/kds_v3/toolchain/bin/../lib/gcc/arm-none-eabi/4.8.4/../../../../arm-none-eabi/lib/armv7e-m/fpu\libg_s.a(lib_a-impure.o)
                              c:/freescale/kds_v3/toolchain/bin/../lib/gcc/arm-none-eabi/4.8.4/../../../../arm-none-eabi/lib/armv7e-m/fpu\libg_s.a(lib_a-exit.o) (_global_impure_ptr)
c:/freescale/kds_v3/toolchain/bin/../lib/gcc/arm-none-eabi/4.8.4/../../../../arm-none-eabi/lib/armv7e-m/fpu\libg_s.a(lib_a-init.o)
                              c:/freescale/kds_v3/toolchain/bin/../lib/gcc/arm-none-eabi/4.8.4/../../../../arm-none-eabi/lib/armv7e-m/fpu/crt0.o (__libc_init_array)
c:/freescale/kds_v3/toolchain/bin/../lib/gcc/arm-none-eabi/4.8.4/../../../../arm-none-eabi/lib/armv7e-m/fpu\libg_s.a(lib_a-memcpy-stub.o)
                              ./freertos/Source/queue.o (memcpy)
c:/freescale/kds_v3/toolchain/bin/../lib/gcc/arm-none-eabi/4.8.4/../../../../arm-none-eabi/lib/armv7e-m/fpu\libg_s.a(lib_a-memset.o)
                              c:/freescale/kds_v3/toolchain/bin/../lib/gcc/arm-none-eabi/4.8.4/../../../../arm-none-eabi/lib/armv7e-m/fpu/crt0.o (memset)
c:/freescale/kds_v3/toolchain/bin/../lib/gcc/arm-none-eabi/4.8.4/../../../../arm-none-eabi/lib/armv7e-m/fpu\libg_s.a(lib_a-strcpy.o)
                              ./Tracealizer/streamports/Jlink_RTT/SEGGER_RTT.o (strcpy)
c:/freescale/kds_v3/toolchain/bin/../lib/gcc/arm-none-eabi/4.8.4/../../../../arm-none-eabi/lib/armv7e-m/fpu\libg_s.a(lib_a-strlen.o)
                              ./utilities/fsl_debug_console.o (strlen)
c:/freescale/kds_v3/toolchain/bin/../lib/gcc/arm-none-eabi/4.8.4/../../../../arm-none-eabi/lib/armv7e-m/fpu\libg_s.a(lib_a-strncmp.o)
                              ./Tracealizer/trcSnapshotRecorder.o (strncmp)
c:/freescale/kds_v3/toolchain/bin/../lib/gcc/arm-none-eabi/4.8.4/../../../../arm-none-eabi/lib/armv7e-m/fpu\libg_s.a(lib_a-strncpy.o)
                              ./Tracealizer/trcSnapshotRecorder.o (strncpy)
c:/freescale/kds_v3/toolchain/bin/../lib/gcc/arm-none-eabi/4.8.4/armv7e-m/fpu\libgcc.a(_arm_fixunsdfsi.o)
                              ./Tracealizer/trcSnapshotRecorder.o (__aeabi_d2uiz)
c:/freescale/kds_v3/toolchain/bin/../lib/gcc/arm-none-eabi/4.8.4/../../../../arm-none-eabi/lib/armv7e-m/fpu\libnosys.a(_exit.o)
                              c:/freescale/kds_v3/toolchain/bin/../lib/gcc/arm-none-eabi/4.8.4/../../../../arm-none-eabi/lib/armv7e-m/fpu\libg_s.a(lib_a-exit.o) (_exit)

Discarded input sections

 .text          0x00000000        0x0 c:/freescale/kds_v3/toolchain/bin/../lib/gcc/arm-none-eabi/4.8.4/armv7e-m/fpu/crti.o
 .data          0x00000000        0x0 c:/freescale/kds_v3/toolchain/bin/../lib/gcc/arm-none-eabi/4.8.4/armv7e-m/fpu/crti.o
 .bss           0x00000000        0x0 c:/freescale/kds_v3/toolchain/bin/../lib/gcc/arm-none-eabi/4.8.4/armv7e-m/fpu/crti.o
 .data          0x00000000        0x4 c:/freescale/kds_v3/toolchain/bin/../lib/gcc/arm-none-eabi/4.8.4/armv7e-m/fpu/crtbegin.o
 .data          0x00000000        0x0 c:/freescale/kds_v3/toolchain/bin/../lib/gcc/arm-none-eabi/4.8.4/../../../../arm-none-eabi/lib/armv7e-m/fpu/crt0.o
 .bss           0x00000000        0x0 c:/freescale/kds_v3/toolchain/bin/../lib/gcc/arm-none-eabi/4.8.4/../../../../arm-none-eabi/lib/armv7e-m/fpu/crt0.o
 .ARM.extab     0x00000000        0x0 c:/freescale/kds_v3/toolchain/bin/../lib/gcc/arm-none-eabi/4.8.4/../../../../arm-none-eabi/lib/armv7e-m/fpu/crt0.o
 .text          0x00000000        0x0 ./utilities/fsl_debug_console.o
 .data          0x00000000        0x0 ./utilities/fsl_debug_console.o
 .bss           0x00000000        0x0 ./utilities/fsl_debug_console.o
 .text.DbgConsole_Deinit
                0x00000000       0x48 ./utilities/fsl_debug_console.o
 .text.DbgConsole_Scanf
                0x00000000       0xb8 ./utilities/fsl_debug_console.o
 .text.DbgConsole_Getchar
                0x00000000       0x38 ./utilities/fsl_debug_console.o
 .text.DbgConsole_ScanIgnoreWhiteSpace
                0x00000000       0x60 ./utilities/fsl_debug_console.o
 .text.DbgConsole_ScanfFormattedData
                0x00000000      0x620 ./utilities/fsl_debug_console.o
 .text._write   0x00000000       0x58 ./utilities/fsl_debug_console.o
 .text._read    0x00000000       0x44 ./utilities/fsl_debug_console.o
 .text          0x00000000        0x0 ./utilities/fsl_sbrk.o
 .data          0x00000000        0x0 ./utilities/fsl_sbrk.o
 .bss           0x00000000        0x0 ./utilities/fsl_sbrk.o
[...]
Memory Configuration

Name             Origin             Length             Attributes
m_interrupts     0x00000000         0x00000400         xr
m_flash_config   0x00000400         0x00000010         xr
m_text           0x00000410         0x000ffbf0         xr
m_data           0x1fff0000         0x00010000         rw
m_data_2         0x20000000         0x00030000         rw
*default*        0x00000000         0xffffffff

Linker script and memory map

LOAD c:/freescale/kds_v3/toolchain/bin/../lib/gcc/arm-none-eabi/4.8.4/armv7e-m/fpu/crti.o
LOAD c:/freescale/kds_v3/toolchain/bin/../lib/gcc/arm-none-eabi/4.8.4/armv7e-m/fpu/crtbegin.o
LOAD c:/freescale/kds_v3/toolchain/bin/../lib/gcc/arm-none-eabi/4.8.4/../../../../arm-none-eabi/lib/armv7e-m/fpu/crt0.o
START GROUP
LOAD ./utilities/fsl_debug_console.o
LOAD ./utilities/fsl_sbrk.o
LOAD ./sources/board.o
LOAD ./sources/clock_config.o
LOAD ./sources/freertos_hello.o
LOAD ./sources/pin_mux.o
LOAD ./freertos/Source/portable/MemMang/heap_4.o
LOAD ./freertos/Source/portable/GCC/ARM_CM4F/fsl_tickless_systick.o
LOAD ./freertos/Source/portable/GCC/ARM_CM4F/port.o
LOAD ./freertos/Source/croutine.o
LOAD ./freertos/Source/event_groups.o
LOAD ./freertos/Source/list.o
LOAD ./freertos/Source/queue.o
LOAD ./freertos/Source/tasks.o
LOAD ./freertos/Source/timers.o
LOAD ./drivers/fsl_clock.o
LOAD ./drivers/fsl_common.o
LOAD ./drivers/fsl_flash.o
LOAD ./drivers/fsl_gpio.o
LOAD ./drivers/fsl_smc.o
LOAD ./drivers/fsl_uart.o
LOAD ./devices/gcc/startup_MK64F12.o
LOAD ./devices/system_MK64F12.o
LOAD ./Tracealizer/streamports/USB_CDC/trcStreamingPort.o
LOAD ./Tracealizer/streamports/TCPIP/trcStreamingPort.o
LOAD ./Tracealizer/streamports/Jlink_RTT/SEGGER_RTT.o
LOAD ./Tracealizer/streamports/Jlink_RTT/SEGGER_RTT_Printf.o
LOAD ./Tracealizer/trcKernelPort.o
LOAD ./Tracealizer/trcSnapshotRecorder.o
LOAD ./Tracealizer/trcStreamingRecorder.o
LOAD c:/freescale/kds_v3/toolchain/bin/../lib/gcc/arm-none-eabi/4.8.4/../../../../arm-none-eabi/lib/armv7e-m/fpu\libg_s.a
LOAD c:/freescale/kds_v3/toolchain/bin/../lib/gcc/arm-none-eabi/4.8.4/armv7e-m/fpu\libgcc.a
LOAD c:/freescale/kds_v3/toolchain/bin/../lib/gcc/arm-none-eabi/4.8.4/../../../../arm-none-eabi/lib/armv7e-m/fpu\libnosys.a
END GROUP
LOAD c:/freescale/kds_v3/toolchain/bin/../lib/gcc/arm-none-eabi/4.8.4/../../../../arm-none-eabi/lib/armv7e-m/fpu\libstdc++_s.a
LOAD c:/freescale/kds_v3/toolchain/bin/../lib/gcc/arm-none-eabi/4.8.4/../../../../arm-none-eabi/lib/armv7e-m/fpu\libm.a
START GROUP
LOAD c:/freescale/kds_v3/toolchain/bin/../lib/gcc/arm-none-eabi/4.8.4/armv7e-m/fpu\libgcc.a
LOAD c:/freescale/kds_v3/toolchain/bin/../lib/gcc/arm-none-eabi/4.8.4/../../../../arm-none-eabi/lib/armv7e-m/fpu\libg_s.a
LOAD c:/freescale/kds_v3/toolchain/bin/../lib/gcc/arm-none-eabi/4.8.4/../../../../arm-none-eabi/lib/armv7e-m/fpu\libc_s.a
END GROUP
START GROUP
LOAD c:/freescale/kds_v3/toolchain/bin/../lib/gcc/arm-none-eabi/4.8.4/armv7e-m/fpu\libgcc.a
LOAD c:/freescale/kds_v3/toolchain/bin/../lib/gcc/arm-none-eabi/4.8.4/../../../../arm-none-eabi/lib/armv7e-m/fpu\libc_s.a
END GROUP
LOAD c:/freescale/kds_v3/toolchain/bin/../lib/gcc/arm-none-eabi/4.8.4/armv7e-m/fpu/crtend.o
LOAD c:/freescale/kds_v3/toolchain/bin/../lib/gcc/arm-none-eabi/4.8.4/armv7e-m/fpu/crtn.o
                0x00000400                HEAP_SIZE = DEFINED (__heap_size__)?__heap_size__:0x400
                0x00000400                STACK_SIZE = DEFINED (__stack_size__)?__stack_size__:0x400
                0x00000000                M_VECTOR_RAM_SIZE = DEFINED (__ram_vector_table__)?0x400:0x0

.interrupts     0x00000000      0x400
                0x00000000                __VECTOR_TABLE = .
                0x00000000                . = ALIGN (0x4)
 *(.isr_vector)
 .isr_vector    0x00000000      0x400 ./devices/gcc/startup_MK64F12.o
                0x00000000                __isr_vector
                0x00000400                . = ALIGN (0x4)

.flash_config   0x00000400       0x10
                0x00000400                . = ALIGN (0x4)
 *(.FlashConfig)
 .FlashConfig   0x00000400       0x10 ./devices/gcc/startup_MK64F12.o
                0x00000410                . = ALIGN (0x4)

.text           0x00000410     0x7f84
                0x00000410                . = ALIGN (0x4)
 *(.text)
 .text          0x00000410       0x54 c:/freescale/kds_v3/toolchain/bin/../lib/gcc/arm-none-eabi/4.8.4/armv7e-m/fpu/crtbegin.o
 .text          0x00000464       0x74 c:/freescale/kds_v3/toolchain/bin/../lib/gcc/arm-none-eabi/4.8.4/../../../../arm-none-eabi/lib/armv7e-m/fpu/crt0.o
                0x00000464                _start
                0x00000464                _mainCRTStartup
 .text          0x000004d8      0x1fc ./devices/gcc/startup_MK64F12.o
                0x000004d8                Reset_Handler
                0x00000534                DebugMon_Handler
                0x00000534                PORTC_IRQHandler
                0x00000534                DMA0_DriverIRQHandler
                0x00000534                DMA12_DriverIRQHandler
                0x00000534                MemManage_Handler
                0x00000534                SPI1_DriverIRQHandler
                0x00000534                DMA_Error_DriverIRQHandler
                0x00000534                CMP0_IRQHandler
                0x00000534                WDOG_EWM_IRQHandler
                0x00000534                DMA7_DriverIRQHandler
                0x00000534                I2C0_DriverIRQHandler
                0x00000534                ENET_Transmit_DriverIRQHandler
                0x00000534                DMA2_DriverIRQHandler
                0x00000534                UART1_ERR_DriverIRQHandler
                0x00000534                SDHC_DriverIRQHandler
                0x00000534                PIT0_IRQHandler
                0x00000534                BusFault_Handler
                0x00000534                CMP2_IRQHandler
                0x00000534                LLWU_IRQHandler
                0x00000534                I2S0_Tx_DriverIRQHandler
                0x00000534                DMA6_DriverIRQHandler
                0x00000534                LPTMR0_IRQHandler
                0x00000534                FTM2_IRQHandler
                0x00000534                PORTE_IRQHandler
                0x00000534                ENET_1588_Timer_DriverIRQHandler
                0x00000534                I2C2_DriverIRQHandler
                0x00000534                SWI_IRQHandler
                0x00000534                ADC0_IRQHandler
                0x00000534                UsageFault_Handler
                0x00000534                FTM3_IRQHandler
                0x00000534                CMT_IRQHandler
                0x00000534                CAN0_DriverIRQHandler
                0x00000534                MCM_IRQHandler
                0x00000534                DefaultISR
                0x00000534                DAC1_IRQHandler
                0x00000534                UART5_ERR_DriverIRQHandler
                0x00000534                PORTA_IRQHandler
                0x00000534                DMA11_DriverIRQHandler
                0x00000534                CMP1_IRQHandler
                0x00000534                Reserved71_IRQHandler
                0x00000534                PORTD_IRQHandler
                0x00000534                PORTB_IRQHandler
                0x00000534                DMA10_DriverIRQHandler
                0x00000534                FTM0_IRQHandler
                0x00000534                UART2_ERR_DriverIRQHandler
                0x00000534                SPI2_DriverIRQHandler
                0x00000534                ADC1_IRQHandler
                0x00000534                DMA5_DriverIRQHandler
                0x00000534                DMA4_DriverIRQHandler
                0x00000534                LVD_LVW_IRQHandler
                0x00000534                PIT2_IRQHandler
                0x00000534                PIT1_IRQHandler
                0x00000534                SPI0_DriverIRQHandler
                0x00000534                RTC_IRQHandler
                0x00000534                UART3_ERR_DriverIRQHandler
                0x00000534                PDB0_IRQHandler
                0x00000534                FTFE_IRQHandler
                0x00000534                FTM1_IRQHandler
                0x00000534                DMA15_DriverIRQHandler
                0x00000534                ENET_Error_DriverIRQHandler
                0x00000534                DMA3_DriverIRQHandler
                0x00000534                PIT3_IRQHandler
                0x00000534                DMA13_DriverIRQHandler
                0x00000534                RTC_Seconds_IRQHandler
                0x00000534                MCG_IRQHandler
                0x00000534                UART4_ERR_DriverIRQHandler
                0x00000534                DMA9_DriverIRQHandler
                0x00000534                DMA8_DriverIRQHandler
                0x00000534                UART0_ERR_DriverIRQHandler
                0x00000534                DAC0_IRQHandler
                0x00000534                ENET_Receive_DriverIRQHandler
                0x00000534                I2C1_DriverIRQHandler
                0x00000534                Read_Collision_IRQHandler
                0x00000534                DMA14_DriverIRQHandler
                0x00000534                DMA1_DriverIRQHandler
                0x00000534                RNG_IRQHandler
                0x00000534                USBDCD_IRQHandler
                0x00000534                I2S0_Rx_DriverIRQHandler
                0x00000534                USB0_IRQHandler
                0x00000534                UART0_LON_DriverIRQHandler
                0x00000538                NMI_Handler
                0x0000053c                HardFault_Handler
                0x0000054c                DMA0_IRQHandler
                0x00000550                DMA1_IRQHandler
                0x00000554                DMA2_IRQHandler
                0x00000558                DMA3_IRQHandler
                0x0000055c                DMA4_IRQHandler
                0x00000560                DMA5_IRQHandler
                0x00000564                DMA6_IRQHandler
                0x00000568                DMA7_IRQHandler
                0x0000056c                DMA8_IRQHandler
                0x00000570                DMA9_IRQHandler
                0x00000574                DMA10_IRQHandler
                0x00000578                DMA11_IRQHandler
                0x0000057c                DMA12_IRQHandler
                0x00000580                DMA13_IRQHandler
                0x00000584                DMA14_IRQHandler
                0x00000588                DMA15_IRQHandler
                0x0000058c                DMA_Error_IRQHandler
                0x00000590                I2C0_IRQHandler
                0x00000594                I2C1_IRQHandler
                0x00000598                SPI0_IRQHandler
                0x0000059c                SPI1_IRQHandler
                0x000005a0                I2S0_Tx_IRQHandler
                0x000005a4                I2S0_Rx_IRQHandler
                0x000005a8                UART0_LON_IRQHandler
                0x000005ac                UART0_RX_TX_IRQHandler
                0x000005b0                UART0_ERR_IRQHandler
                0x000005b4                UART1_RX_TX_IRQHandler
                0x000005b8                UART1_ERR_IRQHandler
                0x000005bc                UART2_RX_TX_IRQHandler
                0x000005c0                UART2_ERR_IRQHandler
                0x000005c4                UART3_RX_TX_IRQHandler
                0x000005c8                UART3_ERR_IRQHandler
                0x000005cc                SPI2_IRQHandler
                0x000005d0                UART4_RX_TX_IRQHandler
                0x000005d4                UART4_ERR_IRQHandler
                0x000005d8                UART5_RX_TX_IRQHandler
                0x000005dc                UART5_ERR_IRQHandler
                0x000005e0                I2C2_IRQHandler
                0x000005e4                CAN0_ORed_Message_buffer_IRQHandler
                0x000005e8                CAN0_Bus_Off_IRQHandler
                0x000005ec                CAN0_Error_IRQHandler
                0x000005f0                CAN0_Tx_Warning_IRQHandler
                0x000005f4                CAN0_Rx_Warning_IRQHandler
                0x000005f8                CAN0_Wake_Up_IRQHandler
                0x000005fc                SDHC_IRQHandler
                0x00000600                ENET_1588_Timer_IRQHandler
                0x00000604                ENET_Transmit_IRQHandler
                0x00000608                ENET_Receive_IRQHandler
                0x0000060c                ENET_Error_IRQHandler
 *(.text*)
 .text.UART_EnableTx
                0x000006d4       0x40 ./utilities/fsl_debug_console.o
 .text.UART_EnableRx
                0x00000714       0x40 ./utilities/fsl_debug_console.o
 .text.DbgConsole_Init
                0x00000754       0x90 ./utilities/fsl_debug_console.o
                0x00000754                DbgConsole_Init
 .text.DbgConsole_Printf
                0x000007e4       0x40 ./utilities/fsl_debug_console.o
                0x000007e4                DbgConsole_Printf
 .text.DbgConsole_Putchar
                0x00000824       0x38 ./utilities/fsl_debug_console.o
                0x00000824                DbgConsole_Putchar
 .text.DbgConsole_PrintfPaddingCharacter
                0x0000085c       0x40 ./utilities/fsl_debug_console.o
 .text.DbgConsole_ConvertRadixNumToString
                0x0000089c      0x118 ./utilities/fsl_debug_console.o
 .text.DbgConsole_PrintfFormattedData
                0x000009b4      0x36c ./utilities/fsl_debug_console.o
 .text.BOARD_InitDebugConsole
                0x00000d20       0x24 ./sources/board.o
                0x00000d20                BOARD_InitDebugConsole
 .text.CLOCK_SetSimSafeDivs
                0x00000d44       0x20 ./sources/clock_config.o
 .text.CLOCK_SetXtal0Freq
                0x00000d64       0x1c ./sources/clock_config.o
 .text.BOARD_BootClockRUN
                0x00000d80       0x64 ./sources/clock_config.o
                0x00000d80                BOARD_BootClockRUN
 .text.BOARD_InitOsc0
                0x00000de4       0x30 ./sources/clock_config.o
                0x00000de4                BOARD_InitOsc0
 .text.main     0x00000e14       0x3c ./sources/freertos_hello.o
                0x00000e14                main
 .text.hello_task
                0x00000e50       0x1c ./sources/freertos_hello.o
 .text.CLOCK_EnableClock
                0x00000e6c       0x34 ./sources/pin_mux.o
 .text.PORT_SetPinMux
                0x00000ea0       0x38 ./sources/pin_mux.o
 .text.BOARD_InitPins
                0x00000ed8       0x44 ./sources/pin_mux.o
                0x00000ed8                BOARD_InitPins
 .text.pvPortMalloc
                0x00000f1c      0x198 ./freertos/Source/portable/MemMang/heap_4.o
                0x00000f1c                pvPortMalloc
 .text.vPortFree
                0x000010b4       0xc0 ./freertos/Source/portable/MemMang/heap_4.o
                0x000010b4                vPortFree
 .text.prvHeapInit
                0x00001174       0xc4 ./freertos/Source/portable/MemMang/heap_4.o
 .text.prvInsertBlockIntoFreeList
                0x00001238       0xb0 ./freertos/Source/portable/MemMang/heap_4.o
 .text.vPortSetupTimerInterrupt
                0x000012e8       0x40 ./freertos/Source/portable/GCC/ARM_CM4F/fsl_tickless_systick.o
                0x000012e8                vPortSetupTimerInterrupt
 .text.pxPortInitialiseStack
                0x00001328       0x68 ./freertos/Source/portable/GCC/ARM_CM4F/port.o
                0x00001328                pxPortInitialiseStack
 .text.prvTaskExitError
                0x00001390       0x3c ./freertos/Source/portable/GCC/ARM_CM4F/port.o
 *fill*         0x000013cc        0x4 
 .text.SVC_Handler
                0x000013d0       0x30 ./freertos/Source/portable/GCC/ARM_CM4F/port.o
                0x000013d0                SVC_Handler
 .text.prvPortStartFirstTask
                0x00001400       0x20 ./freertos/Source/portable/GCC/ARM_CM4F/port.o
 .text.xPortStartScheduler
                0x00001420      0x118 ./freertos/Source/portable/GCC/ARM_CM4F/port.o
                0x00001420                xPortStartScheduler
 .text.vPortEnterCritical
                0x00001538       0x5c ./freertos/Source/portable/GCC/ARM_CM4F/port.o
                0x00001538                vPortEnterCritical
 .text.vPortExitCritical
                0x00001594       0x4c ./freertos/Source/portable/GCC/ARM_CM4F/port.o
                0x00001594                vPortExitCritical
 .text.PendSV_Handler
                0x000015e0       0x70 ./freertos/Source/portable/GCC/ARM_CM4F/port.o
                0x000015e0                PendSV_Handler
 .text.SysTick_Handler
                0x00001650       0x40 ./freertos/Source/portable/GCC/ARM_CM4F/port.o
                0x00001650                SysTick_Handler
 .text.vPortEnableVFP
                0x00001690       0x14 ./freertos/Source/portable/GCC/ARM_CM4F/port.o
 .text.vPortValidateInterruptPriority
                0x000016a4       0x78 ./freertos/Source/portable/GCC/ARM_CM4F/port.o
                0x000016a4                vPortValidateInterruptPriority
 .text.vListInitialise
                0x0000171c       0x40 ./freertos/Source/list.o
                0x0000171c                vListInitialise
 .text.vListInitialiseItem
                0x0000175c       0x18 ./freertos/Source/list.o
                0x0000175c                vListInitialiseItem
 .text.vListInsertEnd
                0x00001774       0x48 ./freertos/Source/list.o
                0x00001774                vListInsertEnd
 .text.vListInsert
                0x000017bc       0x70 ./freertos/Source/list.o
                0x000017bc                vListInsert
 .text.uxListRemove
                0x0000182c       0x54 ./freertos/Source/list.o
                0x0000182c                uxListRemove
 .text.xQueueGenericReset
                0x00001880       0xd0 ./freertos/Source/queue.o
                0x00001880                xQueueGenericReset
 .text.xQueueGenericCreate
                0x00001950       0x70 ./freertos/Source/queue.o
                0x00001950                xQueueGenericCreate
 .text.prvInitialiseNewQueue
                0x000019c0       0xb0 ./freertos/Source/queue.o
 .text.xQueueGenericSend
                0x00001a70      0x300 ./freertos/Source/queue.o
                0x00001a70                xQueueGenericSend
 .text.xQueueGenericSendFromISR
                0x00001d70      0x1b8 ./freertos/Source/queue.o
                0x00001d70                xQueueGenericSendFromISR
 .text.xQueueGenericReceive
                0x00001f28      0x394 ./freertos/Source/queue.o
                0x00001f28                xQueueGenericReceive
 .text.uxQueueGetQueueNumber
                0x000022bc       0x18 ./freertos/Source/queue.o
                0x000022bc                uxQueueGetQueueNumber
 .text.ucQueueGetQueueType
                0x000022d4       0x1c ./freertos/Source/queue.o
                0x000022d4                ucQueueGetQueueType
 .text.prvCopyDataToQueue
                0x000022f0       0xd8 ./freertos/Source/queue.o
 .text.prvCopyDataFromQueue
                0x000023c8       0x4c ./freertos/Source/queue.o
 .text.prvUnlockQueue
                0x00002414       0xa0 ./freertos/Source/queue.o
 .text.prvIsQueueEmpty
                0x000024b4       0x2c ./freertos/Source/queue.o
 .text.prvIsQueueFull
                0x000024e0       0x30 ./freertos/Source/queue.o
 .text.vQueueAddToRegistry
                0x00002510       0x6c ./freertos/Source/queue.o
                0x00002510                vQueueAddToRegistry
 .text.vQueueWaitForMessageRestricted
                0x0000257c       0x6c ./freertos/Source/queue.o
                0x0000257c                vQueueWaitForMessageRestricted
 .text.xTaskCreate
                0x000025e8       0x84 ./freertos/Source/tasks.o
                0x000025e8                xTaskCreate
 .text.prvInitialiseNewTask
                0x0000266c      0x128 ./freertos/Source/tasks.o
 .text.prvAddNewTaskToReadyList
                0x00002794      0x140 ./freertos/Source/tasks.o
 .text.vTaskSuspend
                0x000028d4      0x12c ./freertos/Source/tasks.o
                0x000028d4                vTaskSuspend
 .text.vTaskStartScheduler
                0x00002a00       0x94 ./freertos/Source/tasks.o
                0x00002a00                vTaskStartScheduler
 .text.vTaskSuspendAll
                0x00002a94       0x1c ./freertos/Source/tasks.o
                0x00002a94                vTaskSuspendAll
 .text.xTaskResumeAll
                0x00002ab0      0x144 ./freertos/Source/tasks.o
                0x00002ab0                xTaskResumeAll
 .text.xTaskGetTickCount
                0x00002bf4       0x20 ./freertos/Source/tasks.o
                0x00002bf4                xTaskGetTickCount
 .text.xTaskIncrementTick
                0x00002c14      0x194 ./freertos/Source/tasks.o
                0x00002c14                xTaskIncrementTick
 .text.vTaskSwitchContext
                0x00002da8       0xc4 ./freertos/Source/tasks.o
                0x00002da8                vTaskSwitchContext
 .text.vTaskPlaceOnEventList
                0x00002e6c       0x44 ./freertos/Source/tasks.o
                0x00002e6c                vTaskPlaceOnEventList
 .text.vTaskPlaceOnEventListRestricted
                0x00002eb0       0x8c ./freertos/Source/tasks.o
                0x00002eb0                vTaskPlaceOnEventListRestricted
 .text.xTaskRemoveFromEventList
                0x00002f3c       0xd0 ./freertos/Source/tasks.o
                0x00002f3c                xTaskRemoveFromEventList
 .text.vTaskSetTimeOutState
                0x0000300c       0x44 ./freertos/Source/tasks.o
                0x0000300c                vTaskSetTimeOutState
 .text.xTaskCheckForTimeOut
                0x00003050       0xbc ./freertos/Source/tasks.o
                0x00003050                xTaskCheckForTimeOut
 .text.vTaskMissedYield
                0x0000310c       0x18 ./freertos/Source/tasks.o
                0x0000310c                vTaskMissedYield
 .text.uxTaskGetTaskNumber
                0x00003124       0x2c ./freertos/Source/tasks.o
                0x00003124                uxTaskGetTaskNumber
 .text.prvIdleTask
                0x00003150       0x30 ./freertos/Source/tasks.o
 .text.prvInitialiseTaskLists
                0x00003180       0x7c ./freertos/Source/tasks.o
 .text.prvCheckTasksWaitingTermination
                0x000031fc       0x74 ./freertos/Source/tasks.o
 .text.prvDeleteTCB
                0x00003270       0x20 ./freertos/Source/tasks.o
 .text.prvResetNextTaskUnblockTime
                0x00003290       0x48 ./freertos/Source/tasks.o
 .text.xTaskGetCurrentTaskHandle
                0x000032d8       0x20 ./freertos/Source/tasks.o
                0x000032d8                xTaskGetCurrentTaskHandle
 .text.xTaskGetSchedulerState
                0x000032f8       0x3c ./freertos/Source/tasks.o
                0x000032f8                xTaskGetSchedulerState
 .text.vTaskPriorityInherit
                0x00003334      0x140 ./freertos/Source/tasks.o
                0x00003334                vTaskPriorityInherit
 .text.xTaskPriorityDisinherit
                0x00003474      0x158 ./freertos/Source/tasks.o
                0x00003474                xTaskPriorityDisinherit
 .text.pvTaskIncrementMutexHeldCount
                0x000035cc       0x28 ./freertos/Source/tasks.o
                0x000035cc                pvTaskIncrementMutexHeldCount
 .text.prvAddCurrentTaskToDelayedList
                0x000035f4       0xc8 ./freertos/Source/tasks.o
 .text.xTimerCreateTimerTask
                0x000036bc       0x60 ./freertos/Source/timers.o
                0x000036bc                xTimerCreateTimerTask
 .text.xTimerGenericCommand
                0x0000371c      0x17c ./freertos/Source/timers.o
                0x0000371c                xTimerGenericCommand
 .text.prvProcessExpiredTimer
                0x00003898       0x80 ./freertos/Source/timers.o
 .text.prvTimerTask
                0x00003918       0x24 ./freertos/Source/timers.o
 .text.prvProcessTimerOrBlockTask
                0x0000393c       0x9c ./freertos/Source/timers.o
 .text.prvGetNextExpireTime
                0x000039d8       0x48 ./freertos/Source/timers.o
 .text.prvSampleTimeNow
                0x00003a20       0x40 ./freertos/Source/timers.o
 .text.prvInsertTimerInActiveList
                0x00003a60       0x84 ./freertos/Source/timers.o
 .text.prvProcessReceivedCommands
                0x00003ae4      0x12c ./freertos/Source/timers.o
 .text.prvSwitchTimerLists
                0x00003c10       0xc0 ./freertos/Source/timers.o
 .text.prvCheckForValidListAndQueue
                0x00003cd0       0x6c ./freertos/Source/timers.o
 .text.CLOCK_SetEr32kClock
                0x00003d3c       0x2c ./drivers/fsl_clock.o
 .text.CLOCK_SetPllFllSelClock
                0x00003d68       0x38 ./drivers/fsl_clock.o
 .text.OSC_SetExtRefClkConfig
                0x00003da0       0x34 ./drivers/fsl_clock.o
 .text.OSC_SetCapLoad
                0x00003dd4       0x34 ./drivers/fsl_clock.o
 .text.CLOCK_GetMcgExtClkFreq
                0x00003e08       0x8c ./drivers/fsl_clock.o
 .text.CLOCK_GetFllExtRefClkFreq
                0x00003e94       0xc8 ./drivers/fsl_clock.o
 .text.CLOCK_GetInternalRefClkSelectFreq
                0x00003f5c       0x44 ./drivers/fsl_clock.o
 .text.CLOCK_GetFllRefClkFreq
                0x00003fa0       0x2c ./drivers/fsl_clock.o
 .text.CLOCK_GetPll0RefFreq
                0x00003fcc       0x10 ./drivers/fsl_clock.o
 .text.CLOCK_GetOscRangeFromFreq
                0x00003fdc       0x3c ./drivers/fsl_clock.o
 .text.CLOCK_GetCoreSysClkFreq
                0x00004018       0x24 ./drivers/fsl_clock.o
                0x00004018                CLOCK_GetCoreSysClkFreq
 .text.CLOCK_SetSimConfig
                0x0000403c       0x34 ./drivers/fsl_clock.o
                0x0000403c                CLOCK_SetSimConfig
 .text.CLOCK_GetOutClkFreq
                0x00004070       0x64 ./drivers/fsl_clock.o
                0x00004070                CLOCK_GetOutClkFreq
 .text.CLOCK_GetFllFreq
                0x000040d4       0x74 ./drivers/fsl_clock.o
                0x000040d4                CLOCK_GetFllFreq
 .text.CLOCK_GetPll0Freq
                0x00004148       0x78 ./drivers/fsl_clock.o
                0x00004148                CLOCK_GetPll0Freq
 .text.CLOCK_SetExternalRefClkConfig
                0x000041c0       0x90 ./drivers/fsl_clock.o
                0x000041c0                CLOCK_SetExternalRefClkConfig
 .text.CLOCK_SetInternalRefClkConfig
                0x00004250      0x104 ./drivers/fsl_clock.o
                0x00004250                CLOCK_SetInternalRefClkConfig
 .text.CLOCK_EnablePll0
                0x00004354       0x94 ./drivers/fsl_clock.o
                0x00004354                CLOCK_EnablePll0
 .text.CLOCK_InitOsc0
                0x000043e8       0x8c ./drivers/fsl_clock.o
                0x000043e8                CLOCK_InitOsc0
 .text.CLOCK_SetPbeMode
                0x00004474       0xb8 ./drivers/fsl_clock.o
                0x00004474                CLOCK_SetPbeMode
 .text.CLOCK_BootToPeeMode
                0x0000452c       0x74 ./drivers/fsl_clock.o
                0x0000452c                CLOCK_BootToPeeMode
 .text.__assert_func
                0x000045a0       0x28 ./drivers/fsl_common.o
                0x000045a0                __assert_func
 .text.CLOCK_EnableClock
                0x000045c8       0x34 ./drivers/fsl_uart.o
 .text.UART_GetInstance
                0x000045fc       0x60 ./drivers/fsl_uart.o
                0x000045fc                UART_GetInstance
 .text.UART_Init
                0x0000465c      0x2d8 ./drivers/fsl_uart.o
                0x0000465c                UART_Init
 .text.UART_GetDefaultConfig
                0x00004934       0x5c ./drivers/fsl_uart.o
                0x00004934                UART_GetDefaultConfig
 .text.UART_GetStatusFlags
                0x00004990       0x48 ./drivers/fsl_uart.o
                0x00004990                UART_GetStatusFlags
 .text.UART_WriteBlocking
                0x000049d8       0x40 ./drivers/fsl_uart.o
                0x000049d8                UART_WriteBlocking
 .text.UART_ReadBlocking
                0x00004a18       0xa4 ./drivers/fsl_uart.o
                0x00004a18                UART_ReadBlocking
 .text.UART0_DriverIRQHandler
                0x00004abc       0x20 ./drivers/fsl_uart.o
                0x00004abc                UART0_DriverIRQHandler
 .text.UART0_RX_TX_DriverIRQHandler
                0x00004adc        0xc ./drivers/fsl_uart.o
                0x00004adc                UART0_RX_TX_DriverIRQHandler
 .text.UART1_DriverIRQHandler
                0x00004ae8       0x20 ./drivers/fsl_uart.o
                0x00004ae8                UART1_DriverIRQHandler
 .text.UART1_RX_TX_DriverIRQHandler
                0x00004b08        0xc ./drivers/fsl_uart.o
                0x00004b08                UART1_RX_TX_DriverIRQHandler
 .text.UART2_DriverIRQHandler
                0x00004b14       0x20 ./drivers/fsl_uart.o
                0x00004b14                UART2_DriverIRQHandler
 .text.UART2_RX_TX_DriverIRQHandler
                0x00004b34        0xc ./drivers/fsl_uart.o
                0x00004b34                UART2_RX_TX_DriverIRQHandler
 .text.UART3_DriverIRQHandler
                0x00004b40       0x20 ./drivers/fsl_uart.o
                0x00004b40                UART3_DriverIRQHandler
 .text.UART3_RX_TX_DriverIRQHandler
                0x00004b60        0xc ./drivers/fsl_uart.o
                0x00004b60                UART3_RX_TX_DriverIRQHandler
 .text.UART4_DriverIRQHandler
                0x00004b6c       0x20 ./drivers/fsl_uart.o
                0x00004b6c                UART4_DriverIRQHandler
 .text.UART4_RX_TX_DriverIRQHandler
                0x00004b8c        0xc ./drivers/fsl_uart.o
                0x00004b8c                UART4_RX_TX_DriverIRQHandler
 .text.UART5_DriverIRQHandler
                0x00004b98       0x20 ./drivers/fsl_uart.o
                0x00004b98                UART5_DriverIRQHandler
 .text.UART5_RX_TX_DriverIRQHandler
                0x00004bb8        0xc ./drivers/fsl_uart.o
                0x00004bb8                UART5_RX_TX_DriverIRQHandler
 .text.SystemInit
                0x00004bc4       0x3c ./devices/system_MK64F12.o
                0x00004bc4                SystemInit
 .text.prvTraceGetCurrentTaskHandle
                0x00004c00       0x10 ./Tracealizer/trcKernelPort.o
                0x00004c00                prvTraceGetCurrentTaskHandle
 .text.prvTraceGetObjectNumber
                0x00004c10       0x1c ./Tracealizer/trcKernelPort.o
                0x00004c10                prvTraceGetObjectNumber
 .text.prvTraceGetObjectType
                0x00004c2c       0x18 ./Tracealizer/trcKernelPort.o
                0x00004c2c                prvTraceGetObjectType
 .text.prvTraceGetTaskNumber
                0x00004c44       0x1c ./Tracealizer/trcKernelPort.o
                0x00004c44                prvTraceGetTaskNumber
 .text.vTraceInitObjectPropertyTable
                0x00004c60      0x144 ./Tracealizer/trcKernelPort.o
                0x00004c60                vTraceInitObjectPropertyTable
 .text.vTraceInitObjectHandleStack
                0x00004da4       0x9c ./Tracealizer/trcKernelPort.o
                0x00004da4                vTraceInitObjectHandleStack
 .text.pszTraceGetErrorNotEnoughHandles
                0x00004e40       0x80 ./Tracealizer/trcKernelPort.o
                0x00004e40                pszTraceGetErrorNotEnoughHandles
 .text.uiTraceIsObjectExcluded
                0x00004ec0      0x160 ./Tracealizer/trcKernelPort.o
                0x00004ec0                uiTraceIsObjectExcluded
 .text.vTraceEnable
                0x00005020       0x40 ./Tracealizer/trcSnapshotRecorder.o
                0x00005020                vTraceEnable
 .text.uiTraceStart
                0x00005060       0xc0 ./Tracealizer/trcSnapshotRecorder.o
                0x00005060                uiTraceStart
 .text.vTraceStart
                0x00005120        0xc ./Tracealizer/trcSnapshotRecorder.o
                0x00005120                vTraceStart
 .text.vTraceStop
                0x0000512c       0x24 ./Tracealizer/trcSnapshotRecorder.o
                0x0000512c                vTraceStop
 .text.prvTraceStoreTaskReady
                0x00005150       0xe8 ./Tracealizer/trcSnapshotRecorder.o
                0x00005150                prvTraceStoreTaskReady
 .text.vTraceStoreMemMangEvent
                0x00005238      0x128 ./Tracealizer/trcSnapshotRecorder.o
                0x00005238                vTraceStoreMemMangEvent
 .text.prvTraceStoreKernelCall
                0x00005360      0x144 ./Tracealizer/trcSnapshotRecorder.o
                0x00005360                prvTraceStoreKernelCall
 .text.prvTraceStoreKernelCallWithParam
                0x000054a4      0x15c ./Tracealizer/trcSnapshotRecorder.o
                0x000054a4                prvTraceStoreKernelCallWithParam
 .text.prvTraceGetParam
                0x00005600       0x7c ./Tracealizer/trcSnapshotRecorder.o
 .text.prvTraceStoreKernelCallWithNumericParamOnly
                0x0000567c      0x100 ./Tracealizer/trcSnapshotRecorder.o
                0x0000567c                prvTraceStoreKernelCallWithNumericParamOnly
 .text.prvTraceStoreTaskswitch
                0x0000577c      0x138 ./Tracealizer/trcSnapshotRecorder.o
                0x0000577c                prvTraceStoreTaskswitch
 .text.prvTraceStoreObjectNameOnCloseEvent
                0x000058b4       0xa4 ./Tracealizer/trcSnapshotRecorder.o
                0x000058b4                prvTraceStoreObjectNameOnCloseEvent
 .text.prvTraceStoreObjectPropertiesOnCloseEvent
                0x00005958       0xd0 ./Tracealizer/trcSnapshotRecorder.o
                0x00005958                prvTraceStoreObjectPropertiesOnCloseEvent
 .text.prvTraceSetPriorityProperty
                0x00005a28       0x78 ./Tracealizer/trcSnapshotRecorder.o
                0x00005a28                prvTraceSetPriorityProperty
 .text.prvTraceGetPriorityProperty
                0x00005aa0       0x78 ./Tracealizer/trcSnapshotRecorder.o
                0x00005aa0                prvTraceGetPriorityProperty
 .text.prvTraceSetObjectState
                0x00005b18       0x78 ./Tracealizer/trcSnapshotRecorder.o
                0x00005b18                prvTraceSetObjectState
 .text.prvTraceGetObjectState
                0x00005b90       0x78 ./Tracealizer/trcSnapshotRecorder.o
 .text.prvTraceSetTaskInstanceFinished
                0x00005c08       0x54 ./Tracealizer/trcSnapshotRecorder.o
                0x00005c08                prvTraceSetTaskInstanceFinished
 .text.prvTraceInitTraceData
                0x00005c5c      0x1f8 ./Tracealizer/trcSnapshotRecorder.o
 .text.vInitStartMarkers
                0x00005e54       0x50 ./Tracealizer/trcSnapshotRecorder.o
 .text.prvTraceNextFreeEventBufferSlot
                0x00005ea4       0x48 ./Tracealizer/trcSnapshotRecorder.o
 .text.uiIndexOfObject
                0x00005eec       0xac ./Tracealizer/trcSnapshotRecorder.o
                0x00005eec                uiIndexOfObject
 .text.prvTraceGetObjectHandle
                0x00005f98      0x25c ./Tracealizer/trcSnapshotRecorder.o
                0x00005f98                prvTraceGetObjectHandle
 .text.prvTraceFreeObjectHandle
                0x000061f4       0xa0 ./Tracealizer/trcSnapshotRecorder.o
                0x000061f4                prvTraceFreeObjectHandle
 .text.prvTraceSetObjectName
                0x00006294       0xbc ./Tracealizer/trcSnapshotRecorder.o
                0x00006294                prvTraceSetObjectName
 .text.prvTraceOpenSymbol
                0x00006350       0xa0 ./Tracealizer/trcSnapshotRecorder.o
 .text.prvTraceError
                0x000063f0       0x48 ./Tracealizer/trcSnapshotRecorder.o
                0x000063f0                prvTraceError
 .text.prvCheckDataToBeOverwrittenForMultiEntryEvents
                0x00006438      0x11c ./Tracealizer/trcSnapshotRecorder.o
 .text.prvTraceUpdateCounters
                0x00006554       0x4c ./Tracealizer/trcSnapshotRecorder.o
 .text.prvTraceGetDTS
                0x000065a0      0x1b0 ./Tracealizer/trcSnapshotRecorder.o
 .text.prvTraceLookupSymbolTableEntry
                0x00006750       0xf0 ./Tracealizer/trcSnapshotRecorder.o
 .text.prvTraceCreateSymbolTableEntry
                0x00006840      0x170 ./Tracealizer/trcSnapshotRecorder.o
 .text.prvTraceGetChecksum
                0x000069b0       0x8c ./Tracealizer/trcSnapshotRecorder.o
 .text.prvTraceInitCortexM
                0x00006a3c       0x5c ./Tracealizer/trcSnapshotRecorder.o
                0x00006a3c                prvTraceInitCortexM
 .text.prvTracePortGetTimeStamp
                0x00006a98       0x94 ./Tracealizer/trcSnapshotRecorder.o
                0x00006a98                prvTracePortGetTimeStamp
 .text.exit     0x00006b2c       0x28 c:/freescale/kds_v3/toolchain/bin/../lib/gcc/arm-none-eabi/4.8.4/../../../../arm-none-eabi/lib/armv7e-m/fpu\libg_s.a(lib_a-exit.o)
                0x00006b2c                exit
 .text.__libc_init_array
                0x00006b54       0x4c c:/freescale/kds_v3/toolchain/bin/../lib/gcc/arm-none-eabi/4.8.4/../../../../arm-none-eabi/lib/armv7e-m/fpu\libg_s.a(lib_a-init.o)
                0x00006b54                __libc_init_array
 .text.memcpy   0x00006ba0       0x12 c:/freescale/kds_v3/toolchain/bin/../lib/gcc/arm-none-eabi/4.8.4/../../../../arm-none-eabi/lib/armv7e-m/fpu\libg_s.a(lib_a-memcpy-stub.o)
                0x00006ba0                memcpy
 .text.memset   0x00006bb2       0x10 c:/freescale/kds_v3/toolchain/bin/../lib/gcc/arm-none-eabi/4.8.4/../../../../arm-none-eabi/lib/armv7e-m/fpu\libg_s.a(lib_a-memset.o)
                0x00006bb2                memset
 .text.strlen   0x00006bc2       0x10 c:/freescale/kds_v3/toolchain/bin/../lib/gcc/arm-none-eabi/4.8.4/../../../../arm-none-eabi/lib/armv7e-m/fpu\libg_s.a(lib_a-strlen.o)
                0x00006bc2                strlen
 .text.strncmp  0x00006bd2       0x2e c:/freescale/kds_v3/toolchain/bin/../lib/gcc/arm-none-eabi/4.8.4/../../../../arm-none-eabi/lib/armv7e-m/fpu\libg_s.a(lib_a-strncmp.o)
                0x00006bd2                strncmp
 .text.strncpy  0x00006c00       0x24 c:/freescale/kds_v3/toolchain/bin/../lib/gcc/arm-none-eabi/4.8.4/../../../../arm-none-eabi/lib/armv7e-m/fpu\libg_s.a(lib_a-strncpy.o)
                0x00006c00                strncpy
 .text._exit    0x00006c24        0x4 c:/freescale/kds_v3/toolchain/bin/../lib/gcc/arm-none-eabi/4.8.4/../../../../arm-none-eabi/lib/armv7e-m/fpu\libnosys.a(_exit.o)
                0x00006c24                _exit
 *(.rodata)
 .rodata        0x00006c28       0x1c ./sources/clock_config.o
 .rodata        0x00006c44       0x1c ./sources/freertos_hello.o
 .rodata        0x00006c60        0x8 ./freertos/Source/tasks.o
 .rodata        0x00006c68       0x10 ./freertos/Source/timers.o
 .rodata        0x00006c78       0x48 ./drivers/fsl_clock.o
 .rodata        0x00006cc0       0x40 ./drivers/fsl_common.o
 .rodata        0x00006d00      0x12c ./drivers/fsl_uart.o
 .rodata        0x00006e2c      0x2fc ./Tracealizer/trcKernelPort.o
 .rodata        0x00007128     0x1158 ./Tracealizer/trcSnapshotRecorder.o
 *(.rodata*)
 .rodata.__func__.6318
                0x00008280       0x18 ./drivers/fsl_clock.o
 .rodata.fllFactorTable.6446
                0x00008298       0x10 ./drivers/fsl_clock.o
 .rodata.__func__.6461
                0x000082a8       0x14 ./drivers/fsl_clock.o
 .rodata.__func__.6509
                0x000082bc       0x14 ./drivers/fsl_clock.o
 .rodata.__func__.6645
                0x000082d0       0x14 ./drivers/fsl_clock.o
 .rodata.__func__.6709
                0x000082e4       0x14 ./drivers/fsl_clock.o
 .rodata.s_uartBases
                0x000082f8       0x18 ./drivers/fsl_uart.o
 .rodata.s_uartClock
                0x00008310       0x18 ./drivers/fsl_uart.o
 .rodata.__func__.6517
                0x00008328       0x14 ./drivers/fsl_uart.o
 .rodata.__func__.6533
                0x0000833c        0xc ./drivers/fsl_uart.o
 .rodata.__func__.6551
                0x00008348       0x18 ./drivers/fsl_uart.o
 .rodata.__func__.6611
                0x00008360       0x14 ./drivers/fsl_uart.o
 .rodata.str1.1
                0x00008374        0x2 c:/freescale/kds_v3/toolchain/bin/../lib/gcc/arm-none-eabi/4.8.4/../../../../arm-none-eabi/lib/armv7e-m/fpu\libg_s.a(lib_a-impure.o)
 *fill*         0x00008376        0x2 
 .rodata._global_impure_ptr
                0x00008378        0x4 c:/freescale/kds_v3/toolchain/bin/../lib/gcc/arm-none-eabi/4.8.4/../../../../arm-none-eabi/lib/armv7e-m/fpu\libg_s.a(lib_a-impure.o)
                0x00008378                _global_impure_ptr
 *(.glue_7)
 .glue_7        0x00000000        0x0 linker stubs
 *(.glue_7t)
 .glue_7t       0x00000000        0x0 linker stubs
 *(.eh_frame)
 .eh_frame      0x0000837c        0x0 c:/freescale/kds_v3/toolchain/bin/../lib/gcc/arm-none-eabi/4.8.4/armv7e-m/fpu/crtbegin.o
 *(.init)
 .init          0x0000837c        0x4 c:/freescale/kds_v3/toolchain/bin/../lib/gcc/arm-none-eabi/4.8.4/armv7e-m/fpu/crti.o
                0x0000837c                _init
 .init          0x00008380        0x8 c:/freescale/kds_v3/toolchain/bin/../lib/gcc/arm-none-eabi/4.8.4/armv7e-m/fpu/crtn.o
 *(.fini)
 .fini          0x00008388        0x4 c:/freescale/kds_v3/toolchain/bin/../lib/gcc/arm-none-eabi/4.8.4/armv7e-m/fpu/crti.o
                0x00008388                _fini
 .fini          0x0000838c        0x8 c:/freescale/kds_v3/toolchain/bin/../lib/gcc/arm-none-eabi/4.8.4/armv7e-m/fpu/crtn.o
                0x00008394                . = ALIGN (0x4)

.vfp11_veneer   0x00008394        0x0
 .vfp11_veneer  0x00000000        0x0 linker stubs

.v4_bx          0x00008394        0x0
 .v4_bx         0x00000000        0x0 linker stubs

.iplt           0x00008394        0x0
 .iplt          0x00000000        0x0 c:/freescale/kds_v3/toolchain/bin/../lib/gcc/arm-none-eabi/4.8.4/armv7e-m/fpu/crtbegin.o

.ARM.extab
 *(.ARM.extab* .gnu.linkonce.armextab.*)

.ARM            0x00008394        0x8
                0x00008394                __exidx_start = .
 *(.ARM.exidx*)
 .ARM.exidx     0x00008394        0x8 c:/freescale/kds_v3/toolchain/bin/../lib/gcc/arm-none-eabi/4.8.4/../../../../arm-none-eabi/lib/armv7e-m/fpu/crt0.o
                0x0000839c                __exidx_end = .

.rel.dyn        0x0000839c        0x0
 .rel.iplt      0x00000000        0x0 c:/freescale/kds_v3/toolchain/bin/../lib/gcc/arm-none-eabi/4.8.4/armv7e-m/fpu/crtbegin.o

.ctors          0x0000839c        0x0
                0x0000839c                __CTOR_LIST__ = .
 *crtbegin.o(.ctors)
 *crtbegin?.o(.ctors)
 *(EXCLUDE_FILE(*crtend.o *crtend?.o) .ctors)
 *(SORT(.ctors.*))
 *(.ctors)
                0x0000839c                __CTOR_END__ = .

.dtors          0x0000839c        0x0
                0x0000839c                __DTOR_LIST__ = .
 *crtbegin.o(.dtors)
 *crtbegin?.o(.dtors)
 *(EXCLUDE_FILE(*crtend.o *crtend?.o) .dtors)
 *(SORT(.dtors.*))
 *(.dtors)
                0x0000839c                __DTOR_END__ = .

.preinit_array  0x0000839c        0x0
                0x0000839c                PROVIDE (__preinit_array_start, .)
 *(.preinit_array*)
                0x0000839c                PROVIDE (__preinit_array_end, .)

.init_array     0x0000839c        0x4
                0x0000839c                PROVIDE (__init_array_start, .)
 *(SORT(.init_array.*))
 *(.init_array*)
 .init_array    0x0000839c        0x4 c:/freescale/kds_v3/toolchain/bin/../lib/gcc/arm-none-eabi/4.8.4/armv7e-m/fpu/crtbegin.o
                0x000083a0                PROVIDE (__init_array_end, .)

.fini_array     0x000083a0        0x4
                0x000083a0                PROVIDE (__fini_array_start, .)
 *(SORT(.fini_array.*))
 *(.fini_array*)
 .fini_array    0x000083a0        0x4 c:/freescale/kds_v3/toolchain/bin/../lib/gcc/arm-none-eabi/4.8.4/armv7e-m/fpu/crtbegin.o
                0x000083a4                PROVIDE (__fini_array_end, .)
                0x000083a4                __etext = .
                0x000083a4                __DATA_ROM = .

.interrupts_ram
                0x1fff0000        0x0
                0x1fff0000                . = ALIGN (0x4)
                0x1fff0000                __VECTOR_RAM__ = .
                0x1fff0000                __interrupts_ram_start__ = .
 *(.m_interrupts_ram)
                0x1fff0000                . = (. + M_VECTOR_RAM_SIZE)
                0x1fff0000                . = ALIGN (0x4)
                0x1fff0000                __interrupts_ram_end__ = .
                0x00000000                __VECTOR_RAM = DEFINED (__ram_vector_table__)?__VECTOR_RAM__:ORIGIN (m_interrupts)
                0x00000000                __RAM_VECTOR_TABLE_SIZE_BYTES = DEFINED (__ram_vector_table__)?(__interrupts_ram_end__ - __interrupts_ram_start__):0x0

.data           0x1fff0000       0x80 load address 0x000083a4
                0x1fff0000                . = ALIGN (0x4)
                0x1fff0000                __DATA_RAM = .
                0x1fff0000                __data_start__ = .
 *(.data)
 *(.data*)
 .data.uxCriticalNesting
                0x1fff0000        0x4 ./freertos/Source/portable/GCC/ARM_CM4F/port.o
 .data.s_slowIrcFreq
                0x1fff0004        0x4 ./drivers/fsl_clock.o
 .data.s_fastIrcFreq
                0x1fff0008        0x4 ./drivers/fsl_clock.o
 .data.SystemCoreClock
                0x1fff000c        0x4 ./devices/system_MK64F12.o
                0x1fff000c                SystemCoreClock
 .data.TraceObjectClassTable
                0x1fff0010        0x8 ./Tracealizer/trcKernelPort.o
                0x1fff0010                TraceObjectClassTable
 .data.readyEventsEnabled
                0x1fff0018        0x4 ./Tracealizer/trcSnapshotRecorder.o
 .data.impure_data
                0x1fff001c       0x60 c:/freescale/kds_v3/toolchain/bin/../lib/gcc/arm-none-eabi/4.8.4/../../../../arm-none-eabi/lib/armv7e-m/fpu\libg_s.a(lib_a-impure.o)
 *(.jcr*)
 .jcr           0x1fff007c        0x0 c:/freescale/kds_v3/toolchain/bin/../lib/gcc/arm-none-eabi/4.8.4/armv7e-m/fpu/crtbegin.o
 .jcr           0x1fff007c        0x4 c:/freescale/kds_v3/toolchain/bin/../lib/gcc/arm-none-eabi/4.8.4/armv7e-m/fpu/crtend.o
                0x1fff0080                . = ALIGN (0x4)
                0x1fff0080                __data_end__ = .
                0x00008424                __DATA_END = (__DATA_ROM + (__data_end__ - __data_start__))
                0x00100000                text_end = (ORIGIN (m_text) + 0xffbf0)
                0x00000001                ASSERT ((__DATA_END <= text_end), region m_text overflowed with text and data)
                0x00000000                USB_RAM_GAP = DEFINED (__usb_ram_size__)?__usb_ram_size__:0x0

.igot.plt       0x1fff0080        0x0 load address 0x00008424
 .igot.plt      0x00000000        0x0 c:/freescale/kds_v3/toolchain/bin/../lib/gcc/arm-none-eabi/4.8.4/armv7e-m/fpu/crtbegin.o

.bss            0x1fff0080     0x4380 load address 0x00008424
                0x1fff0080                . = ALIGN (0x4)
                0x1fff0080                __START_BSS = .
                0x1fff0080                __bss_start__ = .
 *(.bss)
 .bss           0x1fff0080       0x1c c:/freescale/kds_v3/toolchain/bin/../lib/gcc/arm-none-eabi/4.8.4/armv7e-m/fpu/crtbegin.o
 *(.bss*)
 .bss.s_debugConsole
                0x1fff009c       0x10 ./utilities/fsl_debug_console.o
 .bss.ucHeap    0x1fff00ac     0x2800 ./freertos/Source/portable/MemMang/heap_4.o
 .bss.xStart    0x1fff28ac        0x8 ./freertos/Source/portable/MemMang/heap_4.o
 .bss.pxEnd     0x1fff28b4        0x4 ./freertos/Source/portable/MemMang/heap_4.o
 .bss.xFreeBytesRemaining
                0x1fff28b8        0x4 ./freertos/Source/portable/MemMang/heap_4.o
 .bss.xMinimumEverFreeBytesRemaining
                0x1fff28bc        0x4 ./freertos/Source/portable/MemMang/heap_4.o
 .bss.xBlockAllocatedBit
                0x1fff28c0        0x4 ./freertos/Source/portable/MemMang/heap_4.o
 .bss.ucMaxSysCallPriority
                0x1fff28c4        0x1 ./freertos/Source/portable/GCC/ARM_CM4F/port.o
 *fill*         0x1fff28c5        0x3 
 .bss.ulMaxPRIGROUPValue
                0x1fff28c8        0x4 ./freertos/Source/portable/GCC/ARM_CM4F/port.o
 .bss.xQueueRegistry
                0x1fff28cc       0x40 ./freertos/Source/queue.o
                0x1fff28cc                xQueueRegistry
 .bss.pxCurrentTCB
                0x1fff290c        0x4 ./freertos/Source/tasks.o
                0x1fff290c                pxCurrentTCB
 .bss.pxReadyTasksLists
                0x1fff2910       0x64 ./freertos/Source/tasks.o
 .bss.xDelayedTaskList1
                0x1fff2974       0x14 ./freertos/Source/tasks.o
 .bss.xDelayedTaskList2
                0x1fff2988       0x14 ./freertos/Source/tasks.o
 .bss.pxDelayedTaskList
                0x1fff299c        0x4 ./freertos/Source/tasks.o
 .bss.pxOverflowDelayedTaskList
                0x1fff29a0        0x4 ./freertos/Source/tasks.o
 .bss.xPendingReadyList
                0x1fff29a4       0x14 ./freertos/Source/tasks.o
 .bss.xTasksWaitingTermination
                0x1fff29b8       0x14 ./freertos/Source/tasks.o
 .bss.uxDeletedTasksWaitingCleanUp
                0x1fff29cc        0x4 ./freertos/Source/tasks.o
 .bss.xSuspendedTaskList
                0x1fff29d0       0x14 ./freertos/Source/tasks.o
 .bss.uxCurrentNumberOfTasks
                0x1fff29e4        0x4 ./freertos/Source/tasks.o
 .bss.xTickCount
                0x1fff29e8        0x4 ./freertos/Source/tasks.o
 .bss.uxTopReadyPriority
                0x1fff29ec        0x4 ./freertos/Source/tasks.o
 .bss.xSchedulerRunning
                0x1fff29f0        0x4 ./freertos/Source/tasks.o
 .bss.uxPendedTicks
                0x1fff29f4        0x4 ./freertos/Source/tasks.o
 .bss.xYieldPending
                0x1fff29f8        0x4 ./freertos/Source/tasks.o
 .bss.xNumOfOverflows
                0x1fff29fc        0x4 ./freertos/Source/tasks.o
 .bss.uxTaskNumber
                0x1fff2a00        0x4 ./freertos/Source/tasks.o
 .bss.xNextTaskUnblockTime
                0x1fff2a04        0x4 ./freertos/Source/tasks.o
 .bss.xIdleTaskHandle
                0x1fff2a08        0x4 ./freertos/Source/tasks.o
 .bss.uxSchedulerSuspended
                0x1fff2a0c        0x4 ./freertos/Source/tasks.o
 .bss.xActiveTimerList1
                0x1fff2a10       0x14 ./freertos/Source/timers.o
 .bss.xActiveTimerList2
                0x1fff2a24       0x14 ./freertos/Source/timers.o
 .bss.pxCurrentTimerList
                0x1fff2a38        0x4 ./freertos/Source/timers.o
 .bss.pxOverflowTimerList
                0x1fff2a3c        0x4 ./freertos/Source/timers.o
 .bss.xTimerQueue
                0x1fff2a40        0x4 ./freertos/Source/timers.o
 .bss.xTimerTaskHandle
                0x1fff2a44        0x4 ./freertos/Source/timers.o
 .bss.xLastTime.6968
                0x1fff2a48        0x4 ./freertos/Source/timers.o
 .bss.g_xtal0Freq
                0x1fff2a4c        0x4 ./drivers/fsl_clock.o
                0x1fff2a4c                g_xtal0Freq
 .bss.g_xtal32Freq
                0x1fff2a50        0x4 ./drivers/fsl_clock.o
                0x1fff2a50                g_xtal32Freq
 .bss.s_uartHandle
                0x1fff2a54       0x18 ./drivers/fsl_uart.o
 .bss.s_uartIsr
                0x1fff2a6c        0x4 ./drivers/fsl_uart.o
 .bss.isPendingContextSwitch
                0x1fff2a70        0x4 ./Tracealizer/trcSnapshotRecorder.o
                0x1fff2a70                isPendingContextSwitch
 .bss.uiTraceTickCount
                0x1fff2a74        0x4 ./Tracealizer/trcSnapshotRecorder.o
                0x1fff2a74                uiTraceTickCount
 .bss.trace_disable_timestamp
                0x1fff2a78        0x4 ./Tracealizer/trcSnapshotRecorder.o
                0x1fff2a78                trace_disable_timestamp
 .bss.last_timestamp
                0x1fff2a7c        0x4 ./Tracealizer/trcSnapshotRecorder.o
 .bss.recorder_busy
                0x1fff2a80        0x4 ./Tracealizer/trcSnapshotRecorder.o
                0x1fff2a80                recorder_busy
 .bss.timestampFrequency
                0x1fff2a84        0x4 ./Tracealizer/trcSnapshotRecorder.o
                0x1fff2a84                timestampFrequency
 .bss.traceErrorMessage
                0x1fff2a88        0x4 ./Tracealizer/trcSnapshotRecorder.o
                0x1fff2a88                traceErrorMessage
 .bss.nISRactive
                0x1fff2a8c        0x1 ./Tracealizer/trcSnapshotRecorder.o
                0x1fff2a8c                nISRactive
 .bss.handle_of_last_logged_task
                0x1fff2a8d        0x1 ./Tracealizer/trcSnapshotRecorder.o
                0x1fff2a8d                handle_of_last_logged_task
 .bss.inExcludedTask
                0x1fff2a8e        0x1 ./Tracealizer/trcSnapshotRecorder.o
                0x1fff2a8e                inExcludedTask
 *fill*         0x1fff2a8f        0x1 
 .bss.vTraceStopHookPtr
                0x1fff2a90        0x4 ./Tracealizer/trcSnapshotRecorder.o
                0x1fff2a90                vTraceStopHookPtr
 .bss.heapMemUsage
                0x1fff2a94        0x4 ./Tracealizer/trcSnapshotRecorder.o
 .bss.trcExcludedObjects
                0x1fff2a98        0x8 ./Tracealizer/trcSnapshotRecorder.o
                0x1fff2a98                trcExcludedObjects
 .bss.trcExcludedEventCodes
                0x1fff2aa0       0x24 ./Tracealizer/trcSnapshotRecorder.o
                0x1fff2aa0                trcExcludedEventCodes
 .bss.objectHandleStacks
                0x1fff2ac4       0x70 ./Tracealizer/trcSnapshotRecorder.o
                0x1fff2ac4                objectHandleStacks
 .bss.init_hwtc_count
                0x1fff2b34        0x4 ./Tracealizer/trcSnapshotRecorder.o
                0x1fff2b34                init_hwtc_count
 .bss.RecorderData
                0x1fff2b38     0x17ec ./Tracealizer/trcSnapshotRecorder.o
                0x1fff2b38                RecorderData
 .bss.RecorderDataPtr
                0x1fff4324        0x4 ./Tracealizer/trcSnapshotRecorder.o
                0x1fff4324                RecorderDataPtr
 .bss.indexOfHandle.6555
                0x1fff4328        0x4 ./Tracealizer/trcSnapshotRecorder.o
 .bss.idx.6574  0x1fff432c        0x2 ./Tracealizer/trcSnapshotRecorder.o
 *fill*         0x1fff432e        0x2 
 .bss.old_timestamp.6604
                0x1fff4330        0x4 ./Tracealizer/trcSnapshotRecorder.o
 .bss.last_hwtc_count.6642
                0x1fff4334        0x4 ./Tracealizer/trcSnapshotRecorder.o
 .bss.last_hwtc_rest.6644
                0x1fff4338        0x4 ./Tracealizer/trcSnapshotRecorder.o
                0x1fff4400                . = ALIGN (0x200)
 *fill*         0x1fff433c       0xc4 
                0x1fff4400                USB_RAM_START = .
                0x1fff4400                . = (. + USB_RAM_GAP)
 *(COMMON)
                0x1fff4400                . = ALIGN (0x4)
                0x1fff4400                __bss_end__ = .
                0x1fff4400                __END_BSS = .

.heap           0x20000000      0x400
                0x20000000                . = ALIGN (0x8)
                0x20000000                __end__ = .
                0x20000000                PROVIDE (end, .)
                0x20000000                __HeapBase = .
                0x20000400                . = (. + HEAP_SIZE)
 *fill*         0x20000000      0x400 
                0x20000400                __HeapLimit = .
                0x20000400                __heap_limit = .

.stack          0x20000400      0x400
                0x20000400                . = ALIGN (0x8)
                0x20000800                . = (. + STACK_SIZE)
 *fill*         0x20000400      0x400 

m_usb_bdt       0x1fff4400        0x0
 *(m_usb_bdt)
                0x1fff4400                USB_RAM_BDT_END = .

m_usb_global
 *(m_usb_global)
                0x20030000                __StackTop = (ORIGIN (m_data_2) + 0x30000)
                0x2002fc00                __StackLimit = (__StackTop - STACK_SIZE)
                0x20030000                PROVIDE (__stack, __StackTop)

.ARM.attributes
                0x00000000       0x30
 *(.ARM.attributes)
 .ARM.attributes
                0x00000000       0x22 c:/freescale/kds_v3/toolchain/bin/../lib/gcc/arm-none-eabi/4.8.4/armv7e-m/fpu/crti.o
 .ARM.attributes
                0x00000022       0x34 c:/freescale/kds_v3/toolchain/bin/../lib/gcc/arm-none-eabi/4.8.4/armv7e-m/fpu/crtbegin.o
 .ARM.attributes
                0x00000056       0x20 c:/freescale/kds_v3/toolchain/bin/../lib/gcc/arm-none-eabi/4.8.4/../../../../arm-none-eabi/lib/armv7e-m/fpu/crt0.o
 .ARM.attributes
                0x00000076       0x39 ./utilities/fsl_debug_console.o
 .ARM.attributes
                0x000000af       0x39 ./sources/board.o
 .ARM.attributes
                0x000000e8       0x39 ./sources/clock_config.o
 .ARM.attributes
                0x00000121       0x39 ./sources/freertos_hello.o
 .ARM.attributes
                0x0000015a       0x39 ./sources/pin_mux.o
 .ARM.attributes
                0x00000193       0x39 ./freertos/Source/portable/MemMang/heap_4.o
 .ARM.attributes
                0x000001cc       0x39 ./freertos/Source/portable/GCC/ARM_CM4F/fsl_tickless_systick.o
 .ARM.attributes
                0x00000205       0x39 ./freertos/Source/portable/GCC/ARM_CM4F/port.o
 .ARM.attributes
                0x0000023e       0x39 ./freertos/Source/list.o
 .ARM.attributes
                0x00000277       0x39 ./freertos/Source/queue.o
 .ARM.attributes
                0x000002b0       0x39 ./freertos/Source/tasks.o
 .ARM.attributes
                0x000002e9       0x39 ./freertos/Source/timers.o
 .ARM.attributes
                0x00000322       0x39 ./drivers/fsl_clock.o
 .ARM.attributes
                0x0000035b       0x39 ./drivers/fsl_common.o
 .ARM.attributes
                0x00000394       0x39 ./drivers/fsl_uart.o
 .ARM.attributes
                0x000003cd       0x1f ./devices/gcc/startup_MK64F12.o
 .ARM.attributes
                0x000003ec       0x39 ./devices/system_MK64F12.o
 .ARM.attributes
                0x00000425       0x39 ./Tracealizer/trcKernelPort.o
 .ARM.attributes
                0x0000045e       0x39 ./Tracealizer/trcSnapshotRecorder.o
 .ARM.attributes
                0x00000497       0x34 c:/freescale/kds_v3/toolchain/bin/../lib/gcc/arm-none-eabi/4.8.4/../../../../arm-none-eabi/lib/armv7e-m/fpu\libg_s.a(lib_a-exit.o)
 .ARM.attributes
                0x000004cb       0x34 c:/freescale/kds_v3/toolchain/bin/../lib/gcc/arm-none-eabi/4.8.4/../../../../arm-none-eabi/lib/armv7e-m/fpu\libg_s.a(lib_a-impure.o)
 .ARM.attributes
                0x000004ff       0x34 c:/freescale/kds_v3/toolchain/bin/../lib/gcc/arm-none-eabi/4.8.4/../../../../arm-none-eabi/lib/armv7e-m/fpu\libg_s.a(lib_a-init.o)
 .ARM.attributes
                0x00000533       0x34 c:/freescale/kds_v3/toolchain/bin/../lib/gcc/arm-none-eabi/4.8.4/../../../../arm-none-eabi/lib/armv7e-m/fpu\libg_s.a(lib_a-memcpy-stub.o)
 .ARM.attributes
                0x00000567       0x34 c:/freescale/kds_v3/toolchain/bin/../lib/gcc/arm-none-eabi/4.8.4/../../../../arm-none-eabi/lib/armv7e-m/fpu\libg_s.a(lib_a-memset.o)
 .ARM.attributes
                0x0000059b       0x34 c:/freescale/kds_v3/toolchain/bin/../lib/gcc/arm-none-eabi/4.8.4/../../../../arm-none-eabi/lib/armv7e-m/fpu\libg_s.a(lib_a-strlen.o)
 .ARM.attributes
                0x000005cf       0x34 c:/freescale/kds_v3/toolchain/bin/../lib/gcc/arm-none-eabi/4.8.4/../../../../arm-none-eabi/lib/armv7e-m/fpu\libg_s.a(lib_a-strncmp.o)
 .ARM.attributes
                0x00000603       0x34 c:/freescale/kds_v3/toolchain/bin/../lib/gcc/arm-none-eabi/4.8.4/../../../../arm-none-eabi/lib/armv7e-m/fpu\libg_s.a(lib_a-strncpy.o)
 .ARM.attributes
                0x00000637       0x34 c:/freescale/kds_v3/toolchain/bin/../lib/gcc/arm-none-eabi/4.8.4/../../../../arm-none-eabi/lib/armv7e-m/fpu\libnosys.a(_exit.o)
 .ARM.attributes
                0x0000066b       0x34 c:/freescale/kds_v3/toolchain/bin/../lib/gcc/arm-none-eabi/4.8.4/armv7e-m/fpu/crtend.o
 .ARM.attributes
                0x0000069f       0x22 c:/freescale/kds_v3/toolchain/bin/../lib/gcc/arm-none-eabi/4.8.4/armv7e-m/fpu/crtn.o
                0x00000001                ASSERT ((__StackLimit >= __HeapLimit), region m_data_2 overflowed with stack and heap)
OUTPUT(free_rtos_tracealizer.elf elf32-littlearm)

.debug_info     0x00000000     0xd616
 .debug_info    0x00000000      0xd01 ./utilities/fsl_debug_console.o
 .debug_info    0x00000d01      0x2c6 ./sources/board.o
 .debug_info    0x00000fc7      0x61d ./sources/clock_config.o
 .debug_info    0x000015e4       0xf2 ./sources/freertos_hello.o
 .debug_info    0x000016d6      0x645 ./sources/pin_mux.o
 .debug_info    0x00001d1b      0x3d1 ./freertos/Source/portable/MemMang/heap_4.o
 .debug_info    0x000020ec       0xc9 ./freertos/Source/portable/GCC/ARM_CM4F/fsl_tickless_systick.o
 .debug_info    0x000021b5      0x4db ./freertos/Source/portable/GCC/ARM_CM4F/port.o
 .debug_info    0x00002690      0x2b2 ./freertos/Source/list.o
 .debug_info    0x00002942     0x14d7 ./freertos/Source/queue.o
 .debug_info    0x00003e19     0x1f4b ./freertos/Source/tasks.o
 .debug_info    0x00005d64      0xb7b ./freertos/Source/timers.o
 .debug_info    0x000068df     0x1e93 ./drivers/fsl_clock.o
 .debug_info    0x00008772      0x5e6 ./drivers/fsl_common.o
 .debug_info    0x00008d58     0x1a09 ./drivers/fsl_uart.o
 .debug_info    0x0000a761       0x84 ./devices/gcc/startup_MK64F12.o
 .debug_info    0x0000a7e5      0x5d6 ./devices/system_MK64F12.o
 .debug_info    0x0000adbb      0x77d ./Tracealizer/trcKernelPort.o
 .debug_info    0x0000b538     0x20de ./Tracealizer/trcSnapshotRecorder.o

.debug_abbrev   0x00000000     0x202e
 .debug_abbrev  0x00000000      0x289 ./utilities/fsl_debug_console.o
 .debug_abbrev  0x00000289       0xfd ./sources/board.o
 .debug_abbrev  0x00000386      0x186 ./sources/clock_config.o
 .debug_abbrev  0x0000050c       0xa8 ./sources/freertos_hello.o
 .debug_abbrev  0x000005b4      0x163 ./sources/pin_mux.o
 .debug_abbrev  0x00000717      0x1d1 ./freertos/Source/portable/MemMang/heap_4.o
 .debug_abbrev  0x000008e8       0x78 ./freertos/Source/portable/GCC/ARM_CM4F/fsl_tickless_systick.o
 .debug_abbrev  0x00000960      0x21a ./freertos/Source/portable/GCC/ARM_CM4F/port.o
 .debug_abbrev  0x00000b7a       0xd8 ./freertos/Source/list.o
 .debug_abbrev  0x00000c52      0x253 ./freertos/Source/queue.o
 .debug_abbrev  0x00000ea5      0x2c9 ./freertos/Source/tasks.o
 .debug_abbrev  0x0000116e      0x1ee ./freertos/Source/timers.o
 .debug_abbrev  0x0000135c      0x2c6 ./drivers/fsl_clock.o
 .debug_abbrev  0x00001622      0x165 ./drivers/fsl_common.o
 .debug_abbrev  0x00001787      0x2d6 ./drivers/fsl_uart.o
 .debug_abbrev  0x00001a5d       0x14 ./devices/gcc/startup_MK64F12.o
 .debug_abbrev  0x00001a71      0x117 ./devices/system_MK64F12.o
 .debug_abbrev  0x00001b88      0x16a ./Tracealizer/trcKernelPort.o
 .debug_abbrev  0x00001cf2      0x33c ./Tracealizer/trcSnapshotRecorder.o

.debug_aranges  0x00000000      0xc60
 .debug_aranges
                0x00000000       0x90 ./utilities/fsl_debug_console.o
 .debug_aranges
                0x00000090       0x20 ./sources/board.o
 .debug_aranges
                0x000000b0       0x50 ./sources/clock_config.o
 .debug_aranges
                0x00000100       0x28 ./sources/freertos_hello.o
 .debug_aranges
                0x00000128       0x30 ./sources/pin_mux.o
 .debug_aranges
                0x00000158       0x50 ./freertos/Source/portable/MemMang/heap_4.o
 .debug_aranges
                0x000001a8       0x20 ./freertos/Source/portable/GCC/ARM_CM4F/fsl_tickless_systick.o
 .debug_aranges
                0x000001c8       0x78 ./freertos/Source/portable/GCC/ARM_CM4F/port.o
 .debug_aranges
                0x00000240       0x40 ./freertos/Source/list.o
 .debug_aranges
                0x00000280      0x118 ./freertos/Source/queue.o
 .debug_aranges
                0x00000398      0x1e8 ./freertos/Source/tasks.o
 .debug_aranges
                0x00000580       0xb8 ./freertos/Source/timers.o
 .debug_aranges
                0x00000638      0x1e8 ./drivers/fsl_clock.o
 .debug_aranges
                0x00000820       0x28 ./drivers/fsl_common.o
 .debug_aranges
                0x00000848      0x170 ./drivers/fsl_uart.o
 .debug_aranges
                0x000009b8       0x20 ./devices/gcc/startup_MK64F12.o
 .debug_aranges
                0x000009d8       0x28 ./devices/system_MK64F12.o
 .debug_aranges
                0x00000a00       0x70 ./Tracealizer/trcKernelPort.o
 .debug_aranges
                0x00000a70      0x1f0 ./Tracealizer/trcSnapshotRecorder.o

.debug_ranges   0x00000000      0xb20
 .debug_ranges  0x00000000       0x80 ./utilities/fsl_debug_console.o
 .debug_ranges  0x00000080       0x10 ./sources/board.o
 .debug_ranges  0x00000090       0x40 ./sources/clock_config.o
 .debug_ranges  0x000000d0       0x18 ./sources/freertos_hello.o
 .debug_ranges  0x000000e8       0x20 ./sources/pin_mux.o
 .debug_ranges  0x00000108       0x40 ./freertos/Source/portable/MemMang/heap_4.o
 .debug_ranges  0x00000148       0x10 ./freertos/Source/portable/GCC/ARM_CM4F/fsl_tickless_systick.o
 .debug_ranges  0x00000158       0x68 ./freertos/Source/portable/GCC/ARM_CM4F/port.o
 .debug_ranges  0x000001c0       0x30 ./freertos/Source/list.o
 .debug_ranges  0x000001f0      0x108 ./freertos/Source/queue.o
 .debug_ranges  0x000002f8      0x1d8 ./freertos/Source/tasks.o
 .debug_ranges  0x000004d0       0xa8 ./freertos/Source/timers.o
 .debug_ranges  0x00000578      0x1d8 ./drivers/fsl_clock.o
 .debug_ranges  0x00000750       0x18 ./drivers/fsl_common.o
 .debug_ranges  0x00000768      0x160 ./drivers/fsl_uart.o
 .debug_ranges  0x000008c8       0x18 ./devices/system_MK64F12.o
 .debug_ranges  0x000008e0       0x60 ./Tracealizer/trcKernelPort.o
 .debug_ranges  0x00000940      0x1e0 ./Tracealizer/trcSnapshotRecorder.o

.debug_line     0x00000000     0x537f
 .debug_line    0x00000000      0x533 ./utilities/fsl_debug_console.o
 .debug_line    0x00000533       0xe8 ./sources/board.o
 .debug_line    0x0000061b      0x18b ./sources/clock_config.o
 .debug_line    0x000007a6      0x100 ./sources/freertos_hello.o
 .debug_line    0x000008a6      0x126 ./sources/pin_mux.o
 .debug_line    0x000009cc      0x264 ./freertos/Source/portable/MemMang/heap_4.o
 .debug_line    0x00000c30       0xf6 ./freertos/Source/portable/GCC/ARM_CM4F/fsl_tickless_systick.o
 .debug_line    0x00000d26      0x2d9 ./freertos/Source/portable/GCC/ARM_CM4F/port.o
 .debug_line    0x00000fff      0x18e ./freertos/Source/list.o
 .debug_line    0x0000118d      0xa25 ./freertos/Source/queue.o
 .debug_line    0x00001bb2      0xe9e ./freertos/Source/tasks.o
 .debug_line    0x00002a50      0x57e ./freertos/Source/timers.o
 .debug_line    0x00002fce      0x8d6 ./drivers/fsl_clock.o
 .debug_line    0x000038a4      0x171 ./drivers/fsl_common.o
 .debug_line    0x00003a15      0x7e2 ./drivers/fsl_uart.o
 .debug_line    0x000041f7      0x181 ./devices/gcc/startup_MK64F12.o
 .debug_line    0x00004378      0x131 ./devices/system_MK64F12.o
 .debug_line    0x000044a9      0x222 ./Tracealizer/trcKernelPort.o
 .debug_line    0x000046cb      0xcb4 ./Tracealizer/trcSnapshotRecorder.o

.debug_str      0x00000000     0x6226
 .debug_str     0x00000000      0xb8a ./utilities/fsl_debug_console.o
                                0xc2c (size before relaxing)
 .debug_str     0x00000b8a       0x39 ./sources/board.o
                                0x2e5 (size before relaxing)
 .debug_str     0x00000bc3      0x4f8 ./sources/clock_config.o
                                0x73f (size before relaxing)
 .debug_str     0x000010bb       0x39 ./sources/freertos_hello.o
                                0x247 (size before relaxing)
 .debug_str     0x000010f4      0x411 ./sources/pin_mux.o
                                0x6ee (size before relaxing)
 .debug_str     0x00001505      0x20a ./freertos/Source/portable/MemMang/heap_4.o
                                0x40e (size before relaxing)
 .debug_str     0x0000170f       0x64 ./freertos/Source/portable/GCC/ARM_CM4F/fsl_tickless_systick.o
                                0x269 (size before relaxing)
 .debug_str     0x00001773      0x22a ./freertos/Source/portable/GCC/ARM_CM4F/port.o
                                0x45e (size before relaxing)
 .debug_str     0x0000199d      0x12c ./freertos/Source/list.o
                                0x34e (size before relaxing)
 .debug_str     0x00001ac9      0x5e9 ./freertos/Source/queue.o
                                0x92d (size before relaxing)
 .debug_str     0x000020b2      0xc16 ./freertos/Source/tasks.o
                               0x10af (size before relaxing)
 .debug_str     0x00002cc8      0x436 ./freertos/Source/timers.o
                                0x7ad (size before relaxing)
 .debug_str     0x000030fe      0xf47 ./drivers/fsl_clock.o
                               0x1b3b (size before relaxing)
 .debug_str     0x00004045      0x5fd ./drivers/fsl_common.o
                                0x826 (size before relaxing)
 .debug_str     0x00004642      0xbe8 ./drivers/fsl_uart.o
                               0x1bee (size before relaxing)
 .debug_str     0x0000522a       0xaf ./devices/system_MK64F12.o
                                0x3f0 (size before relaxing)
 .debug_str     0x000052d9      0x5bc ./Tracealizer/trcKernelPort.o
                                0x81d (size before relaxing)
 .debug_str     0x00005895      0x991 ./Tracealizer/trcSnapshotRecorder.o
                               0x112e (size before relaxing)

.comment        0x00000000       0x70
 .comment       0x00000000       0x70 ./utilities/fsl_debug_console.o
                                 0x71 (size before relaxing)
 .comment       0x00000000       0x71 ./sources/board.o
 .comment       0x00000000       0x71 ./sources/clock_config.o
 .comment       0x00000000       0x71 ./sources/freertos_hello.o
 .comment       0x00000000       0x71 ./sources/pin_mux.o
 .comment       0x00000000       0x71 ./freertos/Source/portable/MemMang/heap_4.o
 .comment       0x00000000       0x71 ./freertos/Source/portable/GCC/ARM_CM4F/fsl_tickless_systick.o
 .comment       0x00000000       0x71 ./freertos/Source/portable/GCC/ARM_CM4F/port.o
 .comment       0x00000000       0x71 ./freertos/Source/list.o
 .comment       0x00000000       0x71 ./freertos/Source/queue.o
 .comment       0x00000000       0x71 ./freertos/Source/tasks.o
 .comment       0x00000000       0x71 ./freertos/Source/timers.o
 .comment       0x00000000       0x71 ./drivers/fsl_clock.o
 .comment       0x00000000       0x71 ./drivers/fsl_common.o
 .comment       0x00000000       0x71 ./drivers/fsl_uart.o
 .comment       0x00000000       0x71 ./devices/system_MK64F12.o
 .comment       0x00000000       0x71 ./Tracealizer/trcKernelPort.o
 .comment       0x00000000       0x71 ./Tracealizer/trcSnapshotRecorder.o

.debug_frame    0x00000000     0x2a08
 .debug_frame   0x00000000      0x1ec ./utilities/fsl_debug_console.o
 .debug_frame   0x000001ec       0x30 ./sources/board.o
 .debug_frame   0x0000021c       0xdc ./sources/clock_config.o
 .debug_frame   0x000002f8       0x50 ./sources/freertos_hello.o
 .debug_frame   0x00000348       0x64 ./sources/pin_mux.o
 .debug_frame   0x000003ac       0xd0 ./freertos/Source/portable/MemMang/heap_4.o
 .debug_frame   0x0000047c       0x28 ./freertos/Source/portable/GCC/ARM_CM4F/fsl_tickless_systick.o
 .debug_frame   0x000004a4      0x138 ./freertos/Source/portable/GCC/ARM_CM4F/port.o
 .debug_frame   0x000005dc       0x9c ./freertos/Source/list.o
 .debug_frame   0x00000678      0x414 ./freertos/Source/queue.o
 .debug_frame   0x00000a8c      0x6fc ./freertos/Source/tasks.o
 .debug_frame   0x00001188      0x278 ./freertos/Source/timers.o
 .debug_frame   0x00001400      0x6ac ./drivers/fsl_clock.o
 .debug_frame   0x00001aac       0x4c ./drivers/fsl_common.o
 .debug_frame   0x00001af8      0x51c ./drivers/fsl_uart.o
 .debug_frame   0x00002014       0x44 ./devices/system_MK64F12.o
 .debug_frame   0x00002058      0x158 ./Tracealizer/trcKernelPort.o
 .debug_frame   0x000021b0      0x728 ./Tracealizer/trcSnapshotRecorder.o
 .debug_frame   0x000028d8       0x28 c:/freescale/kds_v3/toolchain/bin/../lib/gcc/arm-none-eabi/4.8.4/../../../../arm-none-eabi/lib/armv7e-m/fpu\libg_s.a(lib_a-exit.o)
 .debug_frame   0x00002900       0x2c c:/freescale/kds_v3/toolchain/bin/../lib/gcc/arm-none-eabi/4.8.4/../../../../arm-none-eabi/lib/armv7e-m/fpu\libg_s.a(lib_a-init.o)
 .debug_frame   0x0000292c       0x28 c:/freescale/kds_v3/toolchain/bin/../lib/gcc/arm-none-eabi/4.8.4/../../../../arm-none-eabi/lib/armv7e-m/fpu\libg_s.a(lib_a-memcpy-stub.o)
 .debug_frame   0x00002954       0x20 c:/freescale/kds_v3/toolchain/bin/../lib/gcc/arm-none-eabi/4.8.4/../../../../arm-none-eabi/lib/armv7e-m/fpu\libg_s.a(lib_a-memset.o)
 .debug_frame   0x00002974       0x20 c:/freescale/kds_v3/toolchain/bin/../lib/gcc/arm-none-eabi/4.8.4/../../../../arm-none-eabi/lib/armv7e-m/fpu\libg_s.a(lib_a-strlen.o)
 .debug_frame   0x00002994       0x2c c:/freescale/kds_v3/toolchain/bin/../lib/gcc/arm-none-eabi/4.8.4/../../../../arm-none-eabi/lib/armv7e-m/fpu\libg_s.a(lib_a-strncmp.o)
 .debug_frame   0x000029c0       0x28 c:/freescale/kds_v3/toolchain/bin/../lib/gcc/arm-none-eabi/4.8.4/../../../../arm-none-eabi/lib/armv7e-m/fpu\libg_s.a(lib_a-strncpy.o)
 .debug_frame   0x000029e8       0x20 c:/freescale/kds_v3/toolchain/bin/../lib/gcc/arm-none-eabi/4.8.4/../../../../arm-none-eabi/lib/armv7e-m/fpu\libnosys.a(_exit.o)
